2026/02/17 23:16:11 Connected to database successfully
2026/02/17 23:16:11 Server starting on port 8081
2026/02/17 23:16:11 Environment: development
2026/02/17 23:16:27 [79a29030-c5b3-4374-bdb9-b8af5bd71ad3] POST /api/v1/admin/auth/login [::1]:61834 200 85.404041ms
2026/02/17 23:16:27 [20e154bc-8a3d-4b0b-8df9-eaaaa7e09b14] POST /api/v1/admin/job-reports/ban-company [::1]:61837 200 25.052375ms
2026/02/17 23:17:21 [a7ac3dee-4356-4fb9-bb83-414fee8551a9] OPTIONS /api/v1/admin/dashboard/stats [::1]:61873 200 13.333µs
2026/02/17 23:17:21 [e40728d6-c57e-475f-b049-efc711066876] OPTIONS /api/v1/admin/dashboard/pending-payments [::1]:61875 200 4.625µs
2026/02/17 23:17:21 [e3707839-65b7-4954-aded-43b501397ef6] OPTIONS /api/v1/admin/dashboard/open-tickets [::1]:61876 200 23.875µs
2026/02/17 23:17:21 [99254f36-3eb9-411c-b7d2-7a44b034a656] OPTIONS /api/v1/admin/dashboard/pending-companies [::1]:61874 200 13.042µs
2026/02/17 23:17:21 [774cb7e5-e26a-44df-bae4-a0d04e46aad4] GET /api/v1/admin/dashboard/pending-payments [::1]:61876 200 7.429291ms
2026/02/17 23:17:21 [40fd2ab5-6bd7-4ba1-b485-28a83caae0c5] GET /api/v1/admin/dashboard/open-tickets [::1]:61873 200 4.823125ms
2026/02/17 23:17:21 [127dbbf8-888e-4454-bc01-688371b735d7] GET /api/v1/admin/dashboard/pending-companies [::1]:61875 200 8.109959ms
2026/02/17 23:17:21 [d9c63020-b97b-408f-8677-67414d500f50] GET /api/v1/admin/dashboard/stats [::1]:61874 200 12.110542ms
2026/02/17 23:17:27 [4989ba84-1149-49d7-a96e-2819a2afa5d6] OPTIONS /api/v1/admin/job-reports [::1]:61875 200 41µs
2026/02/17 23:17:27 [310bcbc2-ee47-4aad-bad5-2b7237f183a3] OPTIONS /api/v1/admin/job-reports/pending-count [::1]:61874 200 36.291µs
2026/02/17 23:17:27 [4cc1bbbe-e0f6-4ac3-96ec-9abb6e70bcde] GET /api/v1/admin/job-reports/pending-count [::1]:61875 200 1.331458ms
2026/02/17 23:17:27 [e2609756-22ab-4600-8c56-6bb47777e222] GET /api/v1/admin/job-reports [::1]:61874 200 3.95675ms
2026/02/17 23:17:36 [7d516845-19b8-466e-9c3e-d57d8a5e911b] GET /api/v1/admin/dashboard/pending-payments [::1]:61873 200 1.289ms
2026/02/17 23:17:36 [63c4c999-2076-440d-b95a-271375918d23] GET /api/v1/admin/dashboard/pending-companies [::1]:61875 200 1.638917ms
2026/02/17 23:17:36 [5df3e741-c36d-47a5-9475-21ca60003f7f] GET /api/v1/admin/dashboard/open-tickets [::1]:61876 200 1.13575ms
2026/02/17 23:17:36 [00e6161d-3571-4f4d-9947-8772c7e1af14] GET /api/v1/admin/dashboard/stats [::1]:61874 200 4.992791ms
2026/02/17 23:17:38 [01042e18-91e3-47f9-883b-61e36f39055e] OPTIONS /api/v1/admin/companies [::1]:61874 200 20.834µs
2026/02/17 23:17:38 [2952a1a7-7eca-4d2e-b901-b756445f5d32] GET /api/v1/admin/companies [::1]:61874 200 5.087667ms
2026/02/18 00:00:42 Server is shutting down...
2026/02/18 00:00:42 Server stopped gracefully
